HOLDOUT Dec 2025 - Jan 2026
      target day_ahead    n  mae_p50  rmse_mean  rmse_p50  bias_p50  mae_baseline  rmse_baseline  pinball_avg  coverage_80  width_80  mae_gain_vs_baseline
    y_plant       all 2930   0.1750     0.2511    0.2594    0.0419        0.1923         0.2678       0.0542       0.7447    0.4337                0.0899
    y_plant         1 1465   0.1669     0.2435    0.2519    0.0409        0.1831         0.2581       0.0519       0.7420    0.4108                0.0889
    y_plant         2 1465   0.1832     0.2584    0.2667    0.0430        0.2015         0.2772       0.0565       0.7474    0.4565                0.0909
y_plant_raw       all 2972   0.1755     0.2511    0.2593    0.0469        0.1922         0.2673       0.0547       0.7439    0.4324                0.0870
y_plant_raw         1 1486   0.1679     0.2438    0.2523    0.0459        0.1837         0.2581       0.0525       0.7409    0.4096                0.0861
y_plant_raw         2 1486   0.1832     0.2582    0.2662    0.0479        0.2008         0.2763       0.0569       0.7470    0.4552                0.0878
  CV 2025-02 done
  CV 2025-03 done
  CV 2025-04 done
  CV 2025-05 done
  CV 2025-06 done
  CV 2025-07 done
  CV 2025-08 done
  CV 2025-09 done
  CV 2025-10 done
  CV 2025-11 done
  CV 2025-12 done
  CV 2026-01 done

ROLLING CV mean over 12 months
             mae_p50  rmse_mean  pinball_avg  coverage_80  width_80  mae_baseline  mae_gain_vs_baseline
config                                                                                                
ecmwf_only   0.1719     0.2433       0.0532       0.7927    0.5478        0.1734                0.0067
full         0.1625     0.2314       0.0505       0.7911    0.5021        0.1734                0.0620
no_curve     0.1619     0.2311       0.0503       0.7952    0.5053        0.1734                0.0660
  final model y_plant: saved gbm_y_plant.pkl
  final model y_T1: saved gbm_y_T1.pkl
  final model y_T2: saved gbm_y_T2.pkl
